Godot Engine v4.6.1.stable.official.14d19694e - https://godotengine.org

SCRIPT ERROR: Parse Error: Could not resolve external class member "get_card".
   at: GDScript::reload (res://scripts/main.gd:216)
ERROR: Failed to load script "res://scripts/main.gd" with error "Parse error".
   at: load (modules/gdscript/gdscript.cpp:2907)
